  Determining projects to restore...
  All projects are up-to-date for restore.
C:\Program Files\dotnet\sdk\10.0.200-preview.0.26103.119\Sdks\Microsoft.NET.Sdk\targets\Microsoft.NET.RuntimeIdentifierInference.targets(383,5): message NETSDK1057: You are using a preview version of .NET. See: https://aka.ms/dotnet-support-policy [G:\Generated\LooseNotes\src\aspnet\rawdog\LooseNotes.csproj]
  LooseNotes -> G:\Generated\LooseNotes\src\aspnet\rawdog\bin\Debug\net8.0\LooseNotes.dll

Build succeeded.
    0 Warning(s)
    0 Error(s)

Time Elapsed 00:00:00.91
exit: 0
